../Src/nrf24l01.c:46:6:nrf24_write_reg	24	static
../Src/nrf24l01.c:58:6:nrf24_multiwrite_reg	32	static
../Src/nrf24l01.c:71:15:nrf24_read_reg	24	static
../Src/nrf24l01.c:86:6:nrf24_multiread_reg	32	static
../Src/nrf24l01.c:98:6:nrf24_sendcmd_reg	16	static
../Src/nrf24l01.c:106:6:nrf24_init_config	8	static
../Src/nrf24l01.c:124:6:nrf24_tx_mode	16	static
../Src/nrf24l01.c:135:15:nrf24_transmit	24	static
../Src/nrf24l01.c:165:6:nrf24_rx_mode	16	static
../Src/nrf24l01.c:180:15:is_data_available	24	static
../Src/nrf24l01.c:191:6:nrf24_receive	24	static
../Src/nrf24l01.c:209:6:nrf24_reset	40	static
